// Jest Snapshot v1, https://goo.gl/fbAQLP

exports[`snapshot of error provided executes as expected 1`] = `
Object {
  "body": "{\\"message\\":\\"This endpoint doesn't exist\\"}",
  "headers": Object {
    "Access-Control-Allow-Credentials": "true",
    "Access-Control-Allow-Origin": "*",
    "Content-Type": "application/json",
  },
  "statusCode": 400,
}
`;
