// Jest Snapshot v1, https://goo.gl/fbAQLP

exports[`Protocol adaptor list is complete INCENTIVES 1`] = `
[
  {
    "category": "Chain",
    "chains": [
      "bitcoin",
    ],
    "cmcId": "1",
    "config": {
      "enabled": true,
      "id": "1",
    },
    "disabled": false,
    "displayName": "Bitcoin",
    "enabled": true,
    "geckoId": "bitcoin",
    "gecko_id": "bitcoin",
    "id": "1",
    "logo": "https://icons.llama.fi/chains/rsz_bitcoin.jpg",
    "methodology": {
      "Fees": "Gas fees paid by users",
      "Revenue": "Burned coins",
      "UserFees": "Gas fees paid by users",
    },
    "methodologyURL": "https://github.com/DefiLlama/dimension-adapters/blob/master/incentives/bitcoin",
    "module": "bitcoin",
    "name": "Bitcoin",
    "protocolType": "chain",
    "protocolsData": {
      "bitcoin": {
        "chains": [
          "bitcoin",
        ],
        "disabled": false,
        "methodology": undefined,
      },
    },
    "symbol": "BTC",
  },
]
`;
